school\sptech\projetotophair\domain\avaliacao\repository\AvaliacaoRepository.class
school\sptech\projetotophair\service\EnderecoService.class
school\sptech\projetotophair\service\dto\usuario\mapper\UsuarioMapper.class
school\sptech\projetotophair\service\HistoricoServicoService.class
school\sptech\projetotophair\api\controller\ServicoController.class
school\sptech\projetotophair\domain\empresa\repository\EmpresaRepository.class
school\sptech\projetotophair\service\autenticacao\dto\UsuarioTokenDto.class
school\sptech\projetotophair\service\dto\empresa\EmpresaPorEstadoDto.class
school\sptech\projetotophair\service\AvaliacaoService.class
school\sptech\projetotophair\domain\empresa\Empresa.class
school\sptech\projetotophair\api\controller\ArquivoController.class
school\sptech\projetotophair\service\dto\servico\ServicoEnderecoDto.class
school\sptech\projetotophair\api\configuration\security\doc\SwaggerConfig.class
school\sptech\projetotophair\api\controller\HistoricoServicoController.class
school\sptech\projetotophair\service\dto\agendaservico\mapper\AgendaServicoMapper.class
school\sptech\projetotophair\service\dto\usuario\UsuarioEnderecoVinculadoDto.class
school\sptech\projetotophair\domain\agendaservico\repository\AgendaServicoRepository.class
school\sptech\projetotophair\service\dto\avaliacao\AvaliacaoResponseDto.class
school\sptech\projetotophair\service\dto\usuario\UsuarioCriacaoDto.class
school\sptech\projetotophair\domain\usuario\repository\UsuarioRepository.class
school\sptech\projetotophair\service\UsuarioService.class
school\sptech\projetotophair\api\configuration\security\BCryptHashGenerator\PasswordHashGenerator.class
school\sptech\projetotophair\domain\avaliacao\Avaliacao.class
school\sptech\projetotophair\domain\agendaservico\AgendaServico.class
school\sptech\projetotophair\domain\historicoservico\repository\HistoricoServicoRepository.class
school\sptech\projetotophair\api\configuration\security\SecurityConfiguracao.class
school\sptech\projetotophair\service\dto\empresa\EmpresaAvaliacaoDto.class
school\sptech\projetotophair\service\dto\usuario\UsuarioAgendaResponseDto.class
school\sptech\projetotophair\api\configuration\security\AutenticacaoEntryPoint.class
school\sptech\projetotophair\service\dto\arquivo\mapper\ArquivoMapper.class
school\sptech\projetotophair\service\dto\endereco\mapper\EnderecoMapper.class
school\sptech\projetotophair\service\autenticacao\dto\UsuarioDetalhesDto.class
school\sptech\projetotophair\service\dto\empresa\mapper\EmpresaMapper.class
school\sptech\projetotophair\service\autenticacao\AutenticacaoService.class
school\sptech\projetotophair\service\dto\servico\mapper\ServicoMapper.class
school\sptech\projetotophair\domain\servico\Servico.class
school\sptech\projetotophair\service\dto\agenda\AgendaEmpresaVinculadaDto.class
school\sptech\projetotophair\api\configuration\security\AutenticacaoFilter.class
school\sptech\projetotophair\service\dto\usuario\UsuarioResponseDto.class
school\sptech\projetotophair\service\integraveis\exportacao\Exportacao.class
school\sptech\projetotophair\service\ServicoService.class
school\sptech\projetotophair\service\dto\empresa\EmpresaEnderecoVinculadoDto.class
school\sptech\projetotophair\service\dto\agenda\UltimosAgendamentosDto.class
school\sptech\projetotophair\api\controller\EmpresaController.class
school\sptech\projetotophair\service\dto\agenda\AgendaDto.class
school\sptech\projetotophair\service\dto\servico\ServicoEmpresaVinculadaDto.class
school\sptech\projetotophair\domain\usuario\Usuario.class
school\sptech\projetotophair\service\dto\usuario\UsuarioEmpresaVinculadaDto.class
school\sptech\projetotophair\domain\endereco\Endereco.class
school\sptech\projetotophair\domain\servico\ListaObj.class
school\sptech\projetotophair\service\EmpresaService.class
school\sptech\projetotophair\service\AgendaServicoService.class
school\sptech\projetotophair\service\integraveis\csv\ArquivoCsv.class
school\sptech\projetotophair\service\autenticacao\dto\UsuarioLoginDto.class
school\sptech\projetotophair\domain\servico\ArquivoCsv.class
school\sptech\projetotophair\service\dto\usuario\UsuarioAvaliacaoResponseDto.class
school\sptech\projetotophair\api\configuration\security\jwt\GerenciadorTokenJwt.class
school\sptech\projetotophair\domain\agenda\Agenda.class
school\sptech\projetotophair\ProjetoTophairApplication.class
school\sptech\projetotophair\service\dto\usuario\UsuarioComArquivoDto.class
school\sptech\projetotophair\service\dto\agendaservico\AgendaServicoDto.class
school\sptech\projetotophair\service\dto\empresa\EmpresaDto.class
school\sptech\projetotophair\api\controller\UsuarioController.class
school\sptech\projetotophair\api\controller\AgendaServicoController.class
school\sptech\projetotophair\api\controller\MapBoxController.class
school\sptech\projetotophair\domain\agenda\repository\AgendaRepository.class
school\sptech\projetotophair\domain\endereco\repository\EnderecoRepository.class
school\sptech\projetotophair\api\controller\AvaliacaoController.class
school\sptech\projetotophair\api\controller\EnderecoController.class
school\sptech\projetotophair\service\integraveis\fila\Fila.class
school\sptech\projetotophair\service\AgendaService.class
school\sptech\projetotophair\service\dto\arquivo\ArquivoDto.class
school\sptech\projetotophair\domain\historicoservico\HistoricoServico.class
school\sptech\projetotophair\service\dto\empresa\EmpresaComImagensDto.class
school\sptech\projetotophair\api\controller\AgendaController.class
school\sptech\projetotophair\domain\arquivo\repository\ArquivoRepository.class
school\sptech\projetotophair\service\dto\arquivo\ArquivoEmpresaVinculadaDto.class
school\sptech\projetotophair\domain\servico\repository\ServicoRepository.class
school\sptech\projetotophair\service\dto\avaliacao\mapper\AvaliacaoMapper.class
school\sptech\projetotophair\domain\arquivo\Arquivo.class
school\sptech\projetotophair\service\dto\endereco\EnderecoDto.class
school\sptech\projetotophair\service\ArquivoService.class
school\sptech\projetotophair\service\dto\agenda\mapper\AgendaMapper.class
school\sptech\projetotophair\service\dto\servico\ServicoDto.class
school\sptech\projetotophair\service\integraveis\importacao\Importacao.class
school\sptech\projetotophair\api\configuration\security\AutenticacaoProvider.class
school\sptech\projetotophair\service\integraveis\pilha\PilhaObj.class
