C:\Users\User\Documents\sptech_semestre_4\pi\BE_userAPI\src\main\java\school\sptech\projetotophair\api\controller\EmpresaController.java
C:\Users\User\Documents\sptech_semestre_4\pi\BE_userAPI\src\main\java\school\sptech\projetotophair\domain\arquivo\Arquivo.java
C:\Users\User\Documents\sptech_semestre_4\pi\BE_userAPI\src\main\java\school\sptech\projetotophair\domain\agenda\Agenda.java
C:\Users\User\Documents\sptech_semestre_4\pi\BE_userAPI\src\main\java\school\sptech\projetotophair\api\configuration\security\AutenticacaoProvider.java
C:\Users\User\Documents\sptech_semestre_4\pi\BE_userAPI\src\main\java\school\sptech\projetotophair\service\integraveis\importacao\Importacao.java
C:\Users\User\Documents\sptech_semestre_4\pi\BE_userAPI\src\main\java\school\sptech\projetotophair\service\dto\empresa\mapper\EmpresaMapper.java
C:\Users\User\Documents\sptech_semestre_4\pi\BE_userAPI\src\main\java\school\sptech\projetotophair\domain\empresa\Empresa.java
C:\Users\User\Documents\sptech_semestre_4\pi\BE_userAPI\src\main\java\school\sptech\projetotophair\service\autenticacao\dto\UsuarioDetalhesDto.java
C:\Users\User\Documents\sptech_semestre_4\pi\BE_userAPI\src\main\java\school\sptech\projetotophair\service\dto\avaliacao\AvaliacaoResponseDto.java
C:\Users\User\Documents\sptech_semestre_4\pi\BE_userAPI\src\main\java\school\sptech\projetotophair\service\dto\servico\mapper\ServicoMapper.java
C:\Users\User\Documents\sptech_semestre_4\pi\BE_userAPI\src\main\java\school\sptech\projetotophair\service\integraveis\exportacao\Exportacao.java
C:\Users\User\Documents\sptech_semestre_4\pi\BE_userAPI\src\main\java\school\sptech\projetotophair\service\dto\usuario\UsuarioAgendaResponseDto.java
C:\Users\User\Documents\sptech_semestre_4\pi\BE_userAPI\src\main\java\school\sptech\projetotophair\service\ArquivoService.java
C:\Users\User\Documents\sptech_semestre_4\pi\BE_userAPI\src\main\java\school\sptech\projetotophair\service\integraveis\csv\ArquivoCsv.java
C:\Users\User\Documents\sptech_semestre_4\pi\BE_userAPI\src\main\java\school\sptech\projetotophair\service\dto\arquivo\ArquivoEmpresaVinculadaDto.java
C:\Users\User\Documents\sptech_semestre_4\pi\BE_userAPI\src\main\java\school\sptech\projetotophair\api\configuration\security\BCryptHashGenerator\PasswordHashGenerator.java
C:\Users\User\Documents\sptech_semestre_4\pi\BE_userAPI\src\main\java\school\sptech\projetotophair\api\controller\EnderecoController.java
C:\Users\User\Documents\sptech_semestre_4\pi\BE_userAPI\src\main\java\school\sptech\projetotophair\domain\servico\ArquivoCsv.java
C:\Users\User\Documents\sptech_semestre_4\pi\BE_userAPI\src\main\java\school\sptech\projetotophair\service\AgendaService.java
C:\Users\User\Documents\sptech_semestre_4\pi\BE_userAPI\src\main\java\school\sptech\projetotophair\service\dto\usuario\UsuarioComArquivoDto.java
C:\Users\User\Documents\sptech_semestre_4\pi\BE_userAPI\src\main\java\school\sptech\projetotophair\service\dto\empresa\EmpresaPorEstadoDto.java
C:\Users\User\Documents\sptech_semestre_4\pi\BE_userAPI\src\main\java\school\sptech\projetotophair\service\dto\empresa\EmpresaDto.java
C:\Users\User\Documents\sptech_semestre_4\pi\BE_userAPI\src\main\java\school\sptech\projetotophair\service\dto\usuario\UsuarioEnderecoVinculadoDto.java
C:\Users\User\Documents\sptech_semestre_4\pi\BE_userAPI\src\main\java\school\sptech\projetotophair\domain\usuario\Usuario.java
C:\Users\User\Documents\sptech_semestre_4\pi\BE_userAPI\src\main\java\school\sptech\projetotophair\ProjetoTophairApplication.java
C:\Users\User\Documents\sptech_semestre_4\pi\BE_userAPI\src\main\java\school\sptech\projetotophair\service\dto\servico\ServicoDto.java
C:\Users\User\Documents\sptech_semestre_4\pi\BE_userAPI\src\main\java\school\sptech\projetotophair\api\controller\AgendaServicoController.java
C:\Users\User\Documents\sptech_semestre_4\pi\BE_userAPI\src\main\java\school\sptech\projetotophair\service\AvaliacaoService.java
C:\Users\User\Documents\sptech_semestre_4\pi\BE_userAPI\src\main\java\school\sptech\projetotophair\service\EnderecoService.java
C:\Users\User\Documents\sptech_semestre_4\pi\BE_userAPI\src\main\java\school\sptech\projetotophair\service\dto\arquivo\mapper\ArquivoMapper.java
C:\Users\User\Documents\sptech_semestre_4\pi\BE_userAPI\src\main\java\school\sptech\projetotophair\api\configuration\security\SecurityConfiguracao.java
C:\Users\User\Documents\sptech_semestre_4\pi\BE_userAPI\src\main\java\school\sptech\projetotophair\api\controller\ServicoController.java
C:\Users\User\Documents\sptech_semestre_4\pi\BE_userAPI\src\main\java\school\sptech\projetotophair\api\controller\ArquivoController.java
C:\Users\User\Documents\sptech_semestre_4\pi\BE_userAPI\src\main\java\school\sptech\projetotophair\domain\endereco\repository\EnderecoRepository.java
C:\Users\User\Documents\sptech_semestre_4\pi\BE_userAPI\src\main\java\school\sptech\projetotophair\service\dto\usuario\UsuarioEmpresaVinculadaDto.java
C:\Users\User\Documents\sptech_semestre_4\pi\BE_userAPI\src\main\java\school\sptech\projetotophair\api\controller\AgendaController.java
C:\Users\User\Documents\sptech_semestre_4\pi\BE_userAPI\src\main\java\school\sptech\projetotophair\api\controller\MapBoxController.java
C:\Users\User\Documents\sptech_semestre_4\pi\BE_userAPI\src\main\java\school\sptech\projetotophair\domain\servico\Servico.java
C:\Users\User\Documents\sptech_semestre_4\pi\BE_userAPI\src\main\java\school\sptech\projetotophair\service\autenticacao\AutenticacaoService.java
C:\Users\User\Documents\sptech_semestre_4\pi\BE_userAPI\src\main\java\school\sptech\projetotophair\service\UsuarioService.java
C:\Users\User\Documents\sptech_semestre_4\pi\BE_userAPI\src\main\java\school\sptech\projetotophair\service\autenticacao\dto\UsuarioTokenDto.java
C:\Users\User\Documents\sptech_semestre_4\pi\BE_userAPI\src\main\java\school\sptech\projetotophair\service\dto\servico\ServicoEmpresaVinculadaDto.java
C:\Users\User\Documents\sptech_semestre_4\pi\BE_userAPI\src\main\java\school\sptech\projetotophair\service\EmpresaService.java
C:\Users\User\Documents\sptech_semestre_4\pi\BE_userAPI\src\main\java\school\sptech\projetotophair\service\HistoricoServicoService.java
C:\Users\User\Documents\sptech_semestre_4\pi\BE_userAPI\src\main\java\school\sptech\projetotophair\service\autenticacao\dto\UsuarioLoginDto.java
C:\Users\User\Documents\sptech_semestre_4\pi\BE_userAPI\src\main\java\school\sptech\projetotophair\service\dto\agenda\mapper\AgendaMapper.java
C:\Users\User\Documents\sptech_semestre_4\pi\BE_userAPI\src\main\java\school\sptech\projetotophair\service\dto\agenda\UltimosAgendamentosDto.java
C:\Users\User\Documents\sptech_semestre_4\pi\BE_userAPI\src\main\java\school\sptech\projetotophair\domain\usuario\repository\UsuarioRepository.java
C:\Users\User\Documents\sptech_semestre_4\pi\BE_userAPI\src\main\java\school\sptech\projetotophair\service\dto\arquivo\ArquivoDto.java
C:\Users\User\Documents\sptech_semestre_4\pi\BE_userAPI\src\main\java\school\sptech\projetotophair\api\configuration\security\AutenticacaoEntryPoint.java
C:\Users\User\Documents\sptech_semestre_4\pi\BE_userAPI\src\main\java\school\sptech\projetotophair\service\integraveis\fila\Fila.java
C:\Users\User\Documents\sptech_semestre_4\pi\BE_userAPI\src\main\java\school\sptech\projetotophair\domain\arquivo\repository\ArquivoRepository.java
C:\Users\User\Documents\sptech_semestre_4\pi\BE_userAPI\src\main\java\school\sptech\projetotophair\domain\historicoservico\repository\HistoricoServicoRepository.java
C:\Users\User\Documents\sptech_semestre_4\pi\BE_userAPI\src\main\java\school\sptech\projetotophair\service\dto\usuario\UsuarioCriacaoDto.java
C:\Users\User\Documents\sptech_semestre_4\pi\BE_userAPI\src\main\java\school\sptech\projetotophair\domain\servico\ListaObj.java
C:\Users\User\Documents\sptech_semestre_4\pi\BE_userAPI\src\main\java\school\sptech\projetotophair\service\dto\agenda\AgendaEmpresaVinculadaDto.java
C:\Users\User\Documents\sptech_semestre_4\pi\BE_userAPI\src\main\java\school\sptech\projetotophair\service\integraveis\pilha\PilhaObj.java
C:\Users\User\Documents\sptech_semestre_4\pi\BE_userAPI\src\main\java\school\sptech\projetotophair\api\configuration\security\jwt\GerenciadorTokenJwt.java
C:\Users\User\Documents\sptech_semestre_4\pi\BE_userAPI\src\main\java\school\sptech\projetotophair\domain\agenda\repository\AgendaRepository.java
C:\Users\User\Documents\sptech_semestre_4\pi\BE_userAPI\src\main\java\school\sptech\projetotophair\domain\historicoservico\HistoricoServico.java
C:\Users\User\Documents\sptech_semestre_4\pi\BE_userAPI\src\main\java\school\sptech\projetotophair\domain\empresa\repository\EmpresaRepository.java
C:\Users\User\Documents\sptech_semestre_4\pi\BE_userAPI\src\main\java\school\sptech\projetotophair\api\configuration\doc\SwaggerConfig.java
C:\Users\User\Documents\sptech_semestre_4\pi\BE_userAPI\src\main\java\school\sptech\projetotophair\domain\agendaservico\AgendaServico.java
C:\Users\User\Documents\sptech_semestre_4\pi\BE_userAPI\src\main\java\school\sptech\projetotophair\service\dto\endereco\mapper\EnderecoMapper.java
C:\Users\User\Documents\sptech_semestre_4\pi\BE_userAPI\src\main\java\school\sptech\projetotophair\api\controller\UsuarioController.java
C:\Users\User\Documents\sptech_semestre_4\pi\BE_userAPI\src\main\java\school\sptech\projetotophair\domain\servico\repository\ServicoRepository.java
C:\Users\User\Documents\sptech_semestre_4\pi\BE_userAPI\src\main\java\school\sptech\projetotophair\domain\agendaservico\repository\AgendaServicoRepository.java
C:\Users\User\Documents\sptech_semestre_4\pi\BE_userAPI\src\main\java\school\sptech\projetotophair\service\dto\servico\ServicoEnderecoDto.java
C:\Users\User\Documents\sptech_semestre_4\pi\BE_userAPI\src\main\java\school\sptech\projetotophair\service\dto\usuario\UsuarioAvaliacaoResponseDto.java
C:\Users\User\Documents\sptech_semestre_4\pi\BE_userAPI\src\main\java\school\sptech\projetotophair\service\dto\empresa\EmpresaEnderecoVinculadoDto.java
C:\Users\User\Documents\sptech_semestre_4\pi\BE_userAPI\src\main\java\school\sptech\projetotophair\api\controller\AvaliacaoController.java
C:\Users\User\Documents\sptech_semestre_4\pi\BE_userAPI\src\main\java\school\sptech\projetotophair\service\dto\agendaservico\AgendaServicoDto.java
C:\Users\User\Documents\sptech_semestre_4\pi\BE_userAPI\src\main\java\school\sptech\projetotophair\service\dto\usuario\UsuarioResponseDto.java
C:\Users\User\Documents\sptech_semestre_4\pi\BE_userAPI\src\main\java\school\sptech\projetotophair\service\dto\avaliacao\mapper\AvaliacaoMapper.java
C:\Users\User\Documents\sptech_semestre_4\pi\BE_userAPI\src\main\java\school\sptech\projetotophair\service\dto\empresa\EmpresaAvaliacaoDto.java
C:\Users\User\Documents\sptech_semestre_4\pi\BE_userAPI\src\main\java\school\sptech\projetotophair\api\controller\HistoricoServicoController.java
C:\Users\User\Documents\sptech_semestre_4\pi\BE_userAPI\src\main\java\school\sptech\projetotophair\service\dto\empresa\EmpresaComImagensDto.java
C:\Users\User\Documents\sptech_semestre_4\pi\BE_userAPI\src\main\java\school\sptech\projetotophair\service\dto\usuario\mapper\UsuarioMapper.java
C:\Users\User\Documents\sptech_semestre_4\pi\BE_userAPI\src\main\java\school\sptech\projetotophair\service\ServicoService.java
C:\Users\User\Documents\sptech_semestre_4\pi\BE_userAPI\src\main\java\school\sptech\projetotophair\domain\endereco\Endereco.java
C:\Users\User\Documents\sptech_semestre_4\pi\BE_userAPI\src\main\java\school\sptech\projetotophair\domain\avaliacao\repository\AvaliacaoRepository.java
C:\Users\User\Documents\sptech_semestre_4\pi\BE_userAPI\src\main\java\school\sptech\projetotophair\api\configuration\security\AutenticacaoFilter.java
C:\Users\User\Documents\sptech_semestre_4\pi\BE_userAPI\src\main\java\school\sptech\projetotophair\service\dto\agendaservico\mapper\AgendaServicoMapper.java
C:\Users\User\Documents\sptech_semestre_4\pi\BE_userAPI\src\main\java\school\sptech\projetotophair\service\AgendaServicoService.java
C:\Users\User\Documents\sptech_semestre_4\pi\BE_userAPI\src\main\java\school\sptech\projetotophair\service\dto\agenda\AgendaDto.java
C:\Users\User\Documents\sptech_semestre_4\pi\BE_userAPI\src\main\java\school\sptech\projetotophair\service\dto\endereco\EnderecoDto.java
C:\Users\User\Documents\sptech_semestre_4\pi\BE_userAPI\src\main\java\school\sptech\projetotophair\domain\avaliacao\Avaliacao.java
